[2026-01-26T21:05:10.099Z] [DEBUG]: Inside [CronScheduler.ts:startAllJobs] 
[2026-01-26T21:05:11.021Z] [DEBUG]: Deleted old log: 2025-06-28-access.log
[2026-01-26T21:05:11.021Z] [DEBUG]: Deleted old log: 2025-06-28-error.log
[2026-01-26T21:05:11.022Z] [DEBUG]: Deleted old log: 2025-06-28-info.log
[2026-01-26T21:05:11.022Z] [DEBUG]: Deleted old log: 2025-06-28-warn.log
[2026-01-26T21:05:11.022Z] [DEBUG]: Deleted old log: 2025-06-29-access.log
[2026-01-26T21:05:11.023Z] [DEBUG]: Deleted old log: 2025-06-29-error.log
[2026-01-26T21:05:11.023Z] [DEBUG]: Deleted old log: 2025-06-29-info.log
[2026-01-26T21:05:11.023Z] [DEBUG]: Deleted old log: 2025-06-29-warn.log
[2026-01-26T21:05:11.024Z] [DEBUG]: Deleted old log: 2025-06-30-access.log
[2026-01-26T21:05:11.024Z] [DEBUG]: Deleted old log: 2025-06-30-debug.log
[2026-01-26T21:05:11.024Z] [DEBUG]: Deleted old log: 2025-06-30-error.log
[2026-01-26T21:05:11.025Z] [DEBUG]: Deleted old log: 2025-06-30-info.log
[2026-01-26T21:05:11.025Z] [DEBUG]: Deleted old log: 2025-07-01-access.log
[2026-01-26T21:05:11.025Z] [DEBUG]: Deleted old log: 2025-06-30-warn.log
[2026-01-26T21:05:11.025Z] [DEBUG]: Deleted old log: 2025-07-01-debug.log
[2026-01-26T21:05:11.025Z] [DEBUG]: Deleted old log: 2025-07-01-error.log
[2026-01-26T21:05:11.026Z] [DEBUG]: Deleted old log: 2025-07-01-info.log
[2026-01-26T21:05:11.026Z] [DEBUG]: Deleted old log: 2025-07-01-warn.log
[2026-01-26T21:05:11.026Z] [DEBUG]: Deleted old log: 2025-07-03-access.log
[2026-01-26T21:05:11.027Z] [DEBUG]: Deleted old log: 2025-07-03-debug.log
[2026-01-26T21:05:11.027Z] [DEBUG]: Deleted old log: 2025-07-03-error.log
[2026-01-26T21:05:11.027Z] [DEBUG]: Deleted old log: 2025-07-03-info.log
[2026-01-26T21:05:11.027Z] [DEBUG]: Deleted old log: 2025-07-03-warn.log
[2026-01-26T21:05:11.027Z] [DEBUG]: Deleted old log: 2025-07-05-access.log
[2026-01-26T21:05:11.028Z] [DEBUG]: Deleted old log: 2025-07-05-debug.log
[2026-01-26T21:05:11.028Z] [DEBUG]: Deleted old log: 2025-07-05-error.log
[2026-01-26T21:05:11.028Z] [DEBUG]: Deleted old log: 2025-07-05-info.log
[2026-01-26T21:05:11.028Z] [DEBUG]: Deleted old log: 2025-07-05-warn.log
[2026-01-26T21:05:11.028Z] [DEBUG]: Deleted old log: 2025-07-06-access.log
[2026-01-26T21:05:11.029Z] [DEBUG]: Deleted old log: 2025-07-06-debug.log
[2026-01-26T21:05:11.029Z] [DEBUG]: Deleted old log: 2025-07-06-error.log
[2026-01-26T21:05:11.029Z] [DEBUG]: Deleted old log: 2025-07-06-info.log
[2026-01-26T21:05:11.030Z] [DEBUG]: Deleted old log: 2025-07-06-warn.log
[2026-01-26T21:12:51.171Z] [DEBUG]: Inside [CronScheduler.ts:startAllJobs] 
[2026-01-26T21:12:59.665Z] [DEBUG]: Inside [UsersService.ts:getUser] username="admin@aquafitvallarta.com"
[2026-01-26T21:12:59.799Z] [DEBUG]: Inside [UsersService.ts:updateUserInfo] user={"_id":"b3f6be6b-6320-4d3f-bbd7-ab26ec44eca9","username":"admin@aquafitvallarta.com","password":"$2b$10$RS0yVIZGBYC3yJkq7NlgNeN3.Bq6ZCGZJIXzB/VPf/PasOwuUlvaa","role":"admin","__v":0,"accessToken":"eyJhbGciOiJIUzI1NiIsInR5cCI6IkpXVCJ9.eyJ1c2VySWQiOiJiM2Y2YmU2Yi02MzIwLTRkM2YtYmJkNy1hYjI2ZWM0NGVjYTkiLCJpYXQiOjE3NTEwNjE4Njd9.dvhx8ugMJkIyg6mE1VrWHcPQSLOn1Ivd8EM-rvgYnT8","firstName":"Erica","lastName":"Putsche","phoneNumber":"4252331266","updatedAt":"2025-06-27T22:04:27.953Z"}
[2026-01-26T21:13:32.067Z] [DEBUG]: Inside [UsersService.ts:getUserById] userId="b3f6be6b-6320-4d3f-bbd7-ab26ec44eca9"
[2026-01-26T21:13:32.078Z] [DEBUG]: Inside [UsersService.ts:getUserById] userId="b3f6be6b-6320-4d3f-bbd7-ab26ec44eca9"
[2026-01-26T21:13:32.157Z] [DEBUG]: Inside [UsersService.ts:getUser] username="admin@aquafitvallarta.com"
[2026-01-26T21:13:32.165Z] [DEBUG]: Inside [UsersService.ts:getUser] username="admin@aquafitvallarta.com"
[2026-01-26T21:13:32.243Z] [DEBUG]: Inside [ClassService.ts:getAllLocations] 
[2026-01-26T21:13:32.250Z] [DEBUG]: Inside [ClassService.ts:getAllClasses] 
[2026-01-26T21:13:32.328Z] [DEBUG]: Inside [ScheduleService.ts:getClassOccurrencesForDay] 
[2026-01-26T21:13:32.329Z] [DEBUG]: Complete [ScheduleService.ts:getClassOccurrencesForDay] 
[2026-01-26T21:13:36.409Z] [DEBUG]: Inside [UsersService.ts:getUserById] userId="b3f6be6b-6320-4d3f-bbd7-ab26ec44eca9"
[2026-01-26T21:13:36.489Z] [DEBUG]: Inside [UsersService.ts:getUser] username="admin@aquafitvallarta.com"
[2026-01-26T21:13:36.567Z] [DEBUG]: Inside [ClassService.ts:getClassesAtLocation] 
[2026-01-26T21:13:36.643Z] [DEBUG]: Inside [ScheduleService.ts:getClassOccurrencesForDay] 
[2026-01-26T21:13:36.644Z] [DEBUG]: Complete [ScheduleService.ts:getClassOccurrencesForDay] 
[2026-01-26T21:13:37.860Z] [DEBUG]: Inside [UsersService.ts:getUserById] userId="b3f6be6b-6320-4d3f-bbd7-ab26ec44eca9"
[2026-01-26T21:13:37.941Z] [DEBUG]: Inside [UsersService.ts:getUser] username="admin@aquafitvallarta.com"
[2026-01-26T21:13:38.027Z] [DEBUG]: Inside [ClassService.ts:getClassesAtLocation] 
[2026-01-26T21:13:38.103Z] [DEBUG]: Inside [ScheduleService.ts:getClassOccurrencesForDay] 
[2026-01-26T21:13:38.103Z] [DEBUG]: Complete [ScheduleService.ts:getClassOccurrencesForDay] 
[2026-01-26T21:13:43.768Z] [DEBUG]: Inside [UsersService.ts:getUserById] userId="b3f6be6b-6320-4d3f-bbd7-ab26ec44eca9"
[2026-01-26T21:13:43.845Z] [DEBUG]: Inside [UsersService.ts:getUser] username="admin@aquafitvallarta.com"
[2026-01-26T21:13:43.922Z] [DEBUG]: Inside [ClassService.ts:getAllClasses] 
[2026-01-26T21:13:44.278Z] [DEBUG]: Inside [UsersService.ts:getUserById] userId="b3f6be6b-6320-4d3f-bbd7-ab26ec44eca9"
[2026-01-26T21:13:44.360Z] [DEBUG]: Inside [UsersService.ts:getUser] username="admin@aquafitvallarta.com"
[2026-01-26T21:13:44.448Z] [DEBUG]: Inside [UsersService.ts:getAllUsers] role="client"
[2026-01-26T21:13:44.939Z] [DEBUG]: Inside [UsersService.ts:getUserById] userId="b3f6be6b-6320-4d3f-bbd7-ab26ec44eca9"
[2026-01-26T21:13:45.018Z] [DEBUG]: Inside [UsersService.ts:getUser] username="admin@aquafitvallarta.com"
[2026-01-26T21:13:45.098Z] [DEBUG]: Inside [ClassService.ts:getAllClasses] 
[2026-01-26T21:13:47.496Z] [DEBUG]: Inside [UsersService.ts:getUserById] userId="b3f6be6b-6320-4d3f-bbd7-ab26ec44eca9"
[2026-01-26T21:13:47.572Z] [DEBUG]: Inside [UsersService.ts:getUser] username="admin@aquafitvallarta.com"
[2026-01-26T21:13:47.653Z] [DEBUG]: Inside [UsersService.ts:getAllUsers] role="client"
[2026-01-26T21:20:12.292Z] [DEBUG]: Inside [CronScheduler.ts:startAllJobs] 
[2026-01-26T21:20:20.014Z] [DEBUG]: Inside [CronScheduler.ts:startAllJobs] 
[2026-01-26T21:59:19.684Z] [DEBUG]: Inside [CronScheduler.ts:startAllJobs] 
[2026-01-26T22:03:18.271Z] [DEBUG]: Inside [UsersService.ts:getUserById] userId="b3f6be6b-6320-4d3f-bbd7-ab26ec44eca9"
[2026-01-26T22:03:18.362Z] [DEBUG]: Inside [UsersService.ts:getUser] username="admin@aquafitvallarta.com"
[2026-01-26T22:03:18.447Z] [DEBUG]: Inside [UsersService.ts:getAllUsers] role="client"
[2026-01-26T22:05:53.575Z] [DEBUG]: Inside [UsersService.ts:getUserById] userId="b3f6be6b-6320-4d3f-bbd7-ab26ec44eca9"
[2026-01-26T22:05:53.654Z] [DEBUG]: Inside [UsersService.ts:getUser] username="admin@aquafitvallarta.com"
[2026-01-26T22:05:53.731Z] [DEBUG]: Inside [UsersService.ts:getAllUsers] role="client"
[2026-01-26T22:06:28.462Z] [DEBUG]: Inside [UsersService.ts:getUserById] userId="b3f6be6b-6320-4d3f-bbd7-ab26ec44eca9"
[2026-01-26T22:06:28.539Z] [DEBUG]: Inside [UsersService.ts:getUser] username="admin@aquafitvallarta.com"
[2026-01-26T22:06:28.615Z] [DEBUG]: Inside [UsersService.ts:getAllUsers] role="client"
[2026-01-26T22:06:30.272Z] [DEBUG]: Inside [UsersService.ts:getUserById] userId="b3f6be6b-6320-4d3f-bbd7-ab26ec44eca9"
[2026-01-26T22:06:30.353Z] [DEBUG]: Inside [UsersService.ts:getUser] username="admin@aquafitvallarta.com"
[2026-01-26T22:06:30.436Z] [DEBUG]: Inside [UsersService.ts:getAllUsers] role="client"
[2026-01-26T22:07:56.452Z] [DEBUG]: Inside [UsersService.ts:getUserById] userId="b3f6be6b-6320-4d3f-bbd7-ab26ec44eca9"
[2026-01-26T22:07:56.531Z] [DEBUG]: Inside [UsersService.ts:getUser] username="admin@aquafitvallarta.com"
[2026-01-26T22:07:56.609Z] [DEBUG]: Inside [UsersService.ts:getAllUsers] role="client"
[2026-01-26T22:10:54.524Z] [DEBUG]: Inside [CronScheduler.ts:startAllJobs] 
[2026-01-26T22:11:53.586Z] [DEBUG]: Inside [CronScheduler.ts:startAllJobs] 
[2026-01-26T22:13:15.837Z] [DEBUG]: Inside [CronScheduler.ts:startAllJobs] 
[2026-01-26T22:13:37.303Z] [DEBUG]: Inside [UsersService.ts:getUserById] userId="b3f6be6b-6320-4d3f-bbd7-ab26ec44eca9"
[2026-01-26T22:13:37.387Z] [DEBUG]: Inside [UsersService.ts:getUser] username="admin@aquafitvallarta.com"
[2026-01-26T22:13:37.467Z] [DEBUG]: Inside [DiscountService.ts:getAllDiscounts] 
[2026-01-26T22:14:22.353Z] [DEBUG]: Inside [UsersService.ts:getUserById] userId="b3f6be6b-6320-4d3f-bbd7-ab26ec44eca9"
[2026-01-26T22:14:22.437Z] [DEBUG]: Inside [UsersService.ts:getUser] username="admin@aquafitvallarta.com"
[2026-01-26T22:14:22.522Z] [DEBUG]: Inside [DiscountService.ts:getAllDiscounts] 
[2026-01-26T22:14:54.661Z] [DEBUG]: Inside [UsersService.ts:getUserById] userId="b3f6be6b-6320-4d3f-bbd7-ab26ec44eca9"
[2026-01-26T22:14:54.739Z] [DEBUG]: Inside [UsersService.ts:getUser] username="admin@aquafitvallarta.com"
[2026-01-26T22:14:54.824Z] [DEBUG]: Inside [UsersService.ts:getAllUsers] role="client"
[2026-01-26T22:14:56.701Z] [DEBUG]: Inside [UsersService.ts:getUserById] userId="b3f6be6b-6320-4d3f-bbd7-ab26ec44eca9"
[2026-01-26T22:14:56.785Z] [DEBUG]: Inside [UsersService.ts:getUser] username="admin@aquafitvallarta.com"
[2026-01-26T22:14:56.871Z] [DEBUG]: Inside [DiscountService.ts:getAllDiscounts] 
[2026-01-26T22:17:52.995Z] [DEBUG]: Inside [UsersService.ts:getUserById] userId="b3f6be6b-6320-4d3f-bbd7-ab26ec44eca9"
[2026-01-26T22:17:53.073Z] [DEBUG]: Inside [UsersService.ts:getUser] username="admin@aquafitvallarta.com"
[2026-01-26T22:17:53.157Z] [DEBUG]: Inside [DiscountService.ts:getAllDiscounts] 
[2026-01-26T22:18:48.595Z] [DEBUG]: Inside [CronScheduler.ts:startAllJobs] 
[2026-01-26T22:24:22.742Z] [DEBUG]: Inside [UsersService.ts:getUserById] userId="b3f6be6b-6320-4d3f-bbd7-ab26ec44eca9"
[2026-01-26T22:24:22.826Z] [DEBUG]: Inside [UsersService.ts:getUser] username="admin@aquafitvallarta.com"
[2026-01-26T22:24:22.913Z] [DEBUG]: Inside [DiscountService.ts:getAllDiscounts] 
[2026-01-26T22:24:24.192Z] [DEBUG]: Inside [UsersService.ts:getUserById] userId="b3f6be6b-6320-4d3f-bbd7-ab26ec44eca9"
[2026-01-26T22:24:24.278Z] [DEBUG]: Inside [UsersService.ts:getUser] username="admin@aquafitvallarta.com"
[2026-01-26T22:24:24.363Z] [DEBUG]: Inside [UsersService.ts:getAllUsers] role="client"
[2026-01-26T22:24:26.810Z] [DEBUG]: Inside [UsersService.ts:getUserById] userId="b3f6be6b-6320-4d3f-bbd7-ab26ec44eca9"
[2026-01-26T22:24:26.890Z] [DEBUG]: Inside [UsersService.ts:getUser] username="admin@aquafitvallarta.com"
[2026-01-26T22:24:26.970Z] [DEBUG]: Inside [UsersService.ts:getAllUsers] role="client"
[2026-01-26T22:24:27.843Z] [DEBUG]: Inside [UsersService.ts:getUserById] userId="b3f6be6b-6320-4d3f-bbd7-ab26ec44eca9"
[2026-01-26T22:24:27.925Z] [DEBUG]: Inside [UsersService.ts:getUser] username="admin@aquafitvallarta.com"
[2026-01-26T22:24:28.026Z] [DEBUG]: Inside [ClientHandler.ts:getClientEnrollmentDetails] userId="6734187ccfccd4175a69faaf"
[2026-01-26T22:24:28.028Z] [DEBUG]: Inside [EnrollmentService.ts:getClientEnrollments] userId="6734187ccfccd4175a69faaf"
[2026-01-26T22:24:28.113Z] [DEBUG]: Inside [UsersService.ts:getUserById] userId="6734187ccfccd4175a69faaf"
[2026-01-26T22:24:28.191Z] [DEBUG]: Inside [ClassService.ts:getClass] classId="7b0e98a3-f56d-44fc-bda4-30ca49b899d2"
[2026-01-26T22:24:28.277Z] [DEBUG]: Inside [ClassService.ts:getClass] classId="cbd39986-6653-45c1-92f3-9dd2c62b32b3"
[2026-01-26T22:24:28.352Z] [DEBUG]: Complete [ClientHandler.ts:getClientEnrollmentDetails] 
[2026-01-26T22:24:35.947Z] [DEBUG]: Inside [UsersService.ts:getUserById] userId="b3f6be6b-6320-4d3f-bbd7-ab26ec44eca9"
[2026-01-26T22:24:36.031Z] [DEBUG]: Inside [UsersService.ts:getUser] username="admin@aquafitvallarta.com"
[2026-01-26T22:24:36.112Z] [DEBUG]: Inside [UsersService.ts:getAllUsers] role="client"
[2026-01-26T22:24:36.991Z] [DEBUG]: Inside [UsersService.ts:getUserById] userId="b3f6be6b-6320-4d3f-bbd7-ab26ec44eca9"
[2026-01-26T22:24:37.072Z] [DEBUG]: Inside [UsersService.ts:getUser] username="admin@aquafitvallarta.com"
[2026-01-26T22:24:37.154Z] [DEBUG]: Inside [ClassService.ts:getAllClasses] 
[2026-01-26T22:24:38.713Z] [DEBUG]: Inside [UsersService.ts:getUserById] userId="b3f6be6b-6320-4d3f-bbd7-ab26ec44eca9"
[2026-01-26T22:24:38.796Z] [DEBUG]: Inside [UsersService.ts:getUser] username="admin@aquafitvallarta.com"
[2026-01-26T22:24:38.876Z] [DEBUG]: Inside [ClassHandler.ts:getClassDetails] classId="fb9ce98a-b542-444e-b853-585267c3759f"
[2026-01-26T22:24:38.877Z] [DEBUG]: Inside [ClassService.ts:getClass] classId="fb9ce98a-b542-444e-b853-585267c3759f"
[2026-01-26T22:24:38.961Z] [DEBUG]: Inside [EnrollmentService.ts:getClassEnrollmentInfo] classId="fb9ce98a-b542-444e-b853-585267c3759f"
[2026-01-26T22:24:39.043Z] [DEBUG]: Inside [UsersService.ts:getUserFirstAndLastName] userId="67341947cfccd4175a69fab4"
[2026-01-26T22:24:39.120Z] [DEBUG]: Inside [InvoiceService.ts:getOldestUnpaidInvoice] invoiceIds=["fae1c83f-bb9d-42a8-828c-b7b1dc7369cc","07980204-e58e-4d8e-8215-2915a41be0d6"]
[2026-01-26T22:24:39.120Z] [DEBUG]: Inside [invoice.class.ts:getOldestUnpaidInvoice] invoiceIds=["fae1c83f-bb9d-42a8-828c-b7b1dc7369cc","07980204-e58e-4d8e-8215-2915a41be0d6"]
[2026-01-26T22:24:39.209Z] [DEBUG]: Complete [ClassHandler.ts:getClassDetails] 
[2026-01-26T22:29:50.774Z] [DEBUG]: Inside [CronScheduler.ts:startAllJobs] 
[2026-01-26T22:30:04.492Z] [DEBUG]: Inside [UsersService.ts:getUserById] userId="b3f6be6b-6320-4d3f-bbd7-ab26ec44eca9"
[2026-01-26T22:30:04.575Z] [DEBUG]: Inside [UsersService.ts:getUser] username="admin@aquafitvallarta.com"
[2026-01-26T22:30:04.660Z] [DEBUG]: Inside [UsersService.ts:getAllUsers] role="client"
[2026-01-26T22:30:06.346Z] [DEBUG]: Inside [UsersService.ts:getUserById] userId="b3f6be6b-6320-4d3f-bbd7-ab26ec44eca9"
[2026-01-26T22:30:06.423Z] [DEBUG]: Inside [UsersService.ts:getUser] username="admin@aquafitvallarta.com"
[2026-01-26T22:30:06.506Z] [DEBUG]: Inside [ClientHandler.ts:getClientEnrollmentDetails] userId="6734187ccfccd4175a69faaf"
[2026-01-26T22:30:06.507Z] [DEBUG]: Inside [EnrollmentService.ts:getClientEnrollments] userId="6734187ccfccd4175a69faaf"
[2026-01-26T22:30:06.586Z] [DEBUG]: Inside [UsersService.ts:getUserById] userId="6734187ccfccd4175a69faaf"
[2026-01-26T22:30:06.663Z] [DEBUG]: Inside [ClassService.ts:getClass] classId="7b0e98a3-f56d-44fc-bda4-30ca49b899d2"
[2026-01-26T22:30:06.739Z] [DEBUG]: Inside [ClassService.ts:getClass] classId="cbd39986-6653-45c1-92f3-9dd2c62b32b3"
[2026-01-26T22:30:06.815Z] [DEBUG]: Complete [ClientHandler.ts:getClientEnrollmentDetails] 
[2026-01-26T22:32:21.501Z] [DEBUG]: Inside [UsersService.ts:getUserById] userId="b3f6be6b-6320-4d3f-bbd7-ab26ec44eca9"
[2026-01-26T22:32:21.585Z] [DEBUG]: Inside [UsersService.ts:getUser] username="admin@aquafitvallarta.com"
[2026-01-26T22:32:21.672Z] [DEBUG]: Inside [ClientHandler.ts:getClientEnrollmentDetails] userId="6734187ccfccd4175a69faaf"
[2026-01-26T22:32:21.674Z] [DEBUG]: Inside [EnrollmentService.ts:getClientEnrollments] userId="6734187ccfccd4175a69faaf"
[2026-01-26T22:32:21.759Z] [DEBUG]: Inside [UsersService.ts:getUserById] userId="6734187ccfccd4175a69faaf"
[2026-01-26T22:32:21.844Z] [DEBUG]: Inside [ClassService.ts:getClass] classId="7b0e98a3-f56d-44fc-bda4-30ca49b899d2"
[2026-01-26T22:32:21.925Z] [DEBUG]: Inside [ClassService.ts:getClass] classId="cbd39986-6653-45c1-92f3-9dd2c62b32b3"
[2026-01-26T22:32:22.002Z] [DEBUG]: Complete [ClientHandler.ts:getClientEnrollmentDetails] 
[2026-01-26T22:33:49.893Z] [DEBUG]: Inside [UsersService.ts:getUserById] userId="b3f6be6b-6320-4d3f-bbd7-ab26ec44eca9"
[2026-01-26T22:33:49.979Z] [DEBUG]: Inside [UsersService.ts:getUser] username="admin@aquafitvallarta.com"
[2026-01-26T22:33:50.059Z] [DEBUG]: Inside [ClassService.ts:getClassScheduleMap] 
[2026-01-26T22:33:50.060Z] [DEBUG]: Inside [ClassService.ts:getAllClasses] 
[2026-01-26T22:33:50.137Z] [DEBUG]: Complete [ClassService.ts:getClassScheduleMap] 
[2026-01-26T22:33:55.232Z] [DEBUG]: Inside [UsersService.ts:getUserById] userId="b3f6be6b-6320-4d3f-bbd7-ab26ec44eca9"
[2026-01-26T22:33:55.311Z] [DEBUG]: Inside [UsersService.ts:getUser] username="admin@aquafitvallarta.com"
[2026-01-26T22:33:55.399Z] [DEBUG]: Inside [ClientHandler.ts:getInvoiceHistory] userId="6734187ccfccd4175a69faaf", enrollmentId="00f39f22-5229-4e8d-a773-099a5e56269d"
[2026-01-26T22:33:55.400Z] [DEBUG]: Inside [InvoiceService.ts:getClientEnrollmentHistory] userId="6734187ccfccd4175a69faaf", enrollmentId="00f39f22-5229-4e8d-a773-099a5e56269d"
[2026-01-26T22:33:55.481Z] [DEBUG]: Inside [UsersService.ts:getUserFirstAndLastName] userId="6734187ccfccd4175a69faaf"
[2026-01-26T22:33:55.558Z] [DEBUG]: Inside [EnrollmentService.ts:getEnrollment] enrollmentId="00f39f22-5229-4e8d-a773-099a5e56269d"
[2026-01-26T22:33:55.642Z] [DEBUG]: Inside [ClassService.ts:getClass] classId="7b0e98a3-f56d-44fc-bda4-30ca49b899d2"
[2026-01-26T22:33:55.728Z] [DEBUG]: Complete [ClientHandler.ts:getInvoiceHistory] 
[2026-01-26T22:33:59.861Z] [DEBUG]: Inside [UsersService.ts:getUserById] userId="b3f6be6b-6320-4d3f-bbd7-ab26ec44eca9"
[2026-01-26T22:33:59.938Z] [DEBUG]: Inside [UsersService.ts:getUser] username="admin@aquafitvallarta.com"
[2026-01-26T22:34:00.017Z] [DEBUG]: Inside [ClientHandler.ts:getClientEnrollmentDetails] userId="6734187ccfccd4175a69faaf"
[2026-01-26T22:34:00.017Z] [DEBUG]: Inside [EnrollmentService.ts:getClientEnrollments] userId="6734187ccfccd4175a69faaf"
[2026-01-26T22:34:00.092Z] [DEBUG]: Inside [UsersService.ts:getUserById] userId="6734187ccfccd4175a69faaf"
[2026-01-26T22:34:00.167Z] [DEBUG]: Inside [ClassService.ts:getClass] classId="7b0e98a3-f56d-44fc-bda4-30ca49b899d2"
[2026-01-26T22:34:00.246Z] [DEBUG]: Inside [ClassService.ts:getClass] classId="cbd39986-6653-45c1-92f3-9dd2c62b32b3"
[2026-01-26T22:34:00.322Z] [DEBUG]: Complete [ClientHandler.ts:getClientEnrollmentDetails] 
[2026-01-26T22:34:01.824Z] [DEBUG]: Inside [UsersService.ts:getUserById] userId="b3f6be6b-6320-4d3f-bbd7-ab26ec44eca9"
[2026-01-26T22:34:01.910Z] [DEBUG]: Inside [UsersService.ts:getUser] username="admin@aquafitvallarta.com"
[2026-01-26T22:34:01.988Z] [DEBUG]: Inside [ClientHandler.ts:getInvoiceHistory] userId="6734187ccfccd4175a69faaf", enrollmentId="5855f40c-7709-4b93-a2ba-489d677692c3"
[2026-01-26T22:34:01.989Z] [DEBUG]: Inside [InvoiceService.ts:getClientEnrollmentHistory] userId="6734187ccfccd4175a69faaf", enrollmentId="5855f40c-7709-4b93-a2ba-489d677692c3"
[2026-01-26T22:34:02.069Z] [DEBUG]: Inside [UsersService.ts:getUserFirstAndLastName] userId="6734187ccfccd4175a69faaf"
[2026-01-26T22:34:02.150Z] [DEBUG]: Inside [EnrollmentService.ts:getEnrollment] enrollmentId="5855f40c-7709-4b93-a2ba-489d677692c3"
[2026-01-26T22:34:02.225Z] [DEBUG]: Inside [ClassService.ts:getClass] classId="cbd39986-6653-45c1-92f3-9dd2c62b32b3"
[2026-01-26T22:34:02.302Z] [DEBUG]: Complete [ClientHandler.ts:getInvoiceHistory] 
[2026-01-26T22:34:13.112Z] [DEBUG]: Inside [UsersService.ts:getUserById] userId="b3f6be6b-6320-4d3f-bbd7-ab26ec44eca9"
[2026-01-26T22:34:13.198Z] [DEBUG]: Inside [UsersService.ts:getUser] username="admin@aquafitvallarta.com"
[2026-01-26T22:34:13.278Z] [DEBUG]: Inside [ClientHandler.ts:getClientEnrollmentDetails] userId="6734187ccfccd4175a69faaf"
[2026-01-26T22:34:13.279Z] [DEBUG]: Inside [EnrollmentService.ts:getClientEnrollments] userId="6734187ccfccd4175a69faaf"
[2026-01-26T22:34:13.361Z] [DEBUG]: Inside [UsersService.ts:getUserById] userId="6734187ccfccd4175a69faaf"
[2026-01-26T22:34:13.442Z] [DEBUG]: Inside [ClassService.ts:getClass] classId="7b0e98a3-f56d-44fc-bda4-30ca49b899d2"
[2026-01-26T22:34:13.523Z] [DEBUG]: Inside [ClassService.ts:getClass] classId="cbd39986-6653-45c1-92f3-9dd2c62b32b3"
[2026-01-26T22:34:13.599Z] [DEBUG]: Complete [ClientHandler.ts:getClientEnrollmentDetails] 
[2026-01-26T22:34:15.865Z] [DEBUG]: Inside [UsersService.ts:getUserById] userId="b3f6be6b-6320-4d3f-bbd7-ab26ec44eca9"
[2026-01-26T22:34:15.946Z] [DEBUG]: Inside [UsersService.ts:getUser] username="admin@aquafitvallarta.com"
[2026-01-26T22:34:16.031Z] [DEBUG]: Inside [ClientHandler.ts:getInvoiceHistory] userId="6734187ccfccd4175a69faaf", enrollmentId="5855f40c-7709-4b93-a2ba-489d677692c3"
[2026-01-26T22:34:16.032Z] [DEBUG]: Inside [InvoiceService.ts:getClientEnrollmentHistory] userId="6734187ccfccd4175a69faaf", enrollmentId="5855f40c-7709-4b93-a2ba-489d677692c3"
[2026-01-26T22:34:16.121Z] [DEBUG]: Inside [UsersService.ts:getUserFirstAndLastName] userId="6734187ccfccd4175a69faaf"
[2026-01-26T22:34:16.203Z] [DEBUG]: Inside [EnrollmentService.ts:getEnrollment] enrollmentId="5855f40c-7709-4b93-a2ba-489d677692c3"
[2026-01-26T22:34:16.285Z] [DEBUG]: Inside [ClassService.ts:getClass] classId="cbd39986-6653-45c1-92f3-9dd2c62b32b3"
[2026-01-26T22:34:16.371Z] [DEBUG]: Complete [ClientHandler.ts:getInvoiceHistory] 
[2026-01-26T22:34:20.402Z] [DEBUG]: Inside [UsersService.ts:getUserById] userId="b3f6be6b-6320-4d3f-bbd7-ab26ec44eca9"
[2026-01-26T22:34:20.482Z] [DEBUG]: Inside [UsersService.ts:getUser] username="admin@aquafitvallarta.com"
[2026-01-26T22:34:20.561Z] [DEBUG]: Inside [ClientHandler.ts:getClientEnrollmentDetails] userId="6734187ccfccd4175a69faaf"
[2026-01-26T22:34:20.562Z] [DEBUG]: Inside [EnrollmentService.ts:getClientEnrollments] userId="6734187ccfccd4175a69faaf"
[2026-01-26T22:34:20.638Z] [DEBUG]: Inside [UsersService.ts:getUserById] userId="6734187ccfccd4175a69faaf"
[2026-01-26T22:34:20.714Z] [DEBUG]: Inside [ClassService.ts:getClass] classId="7b0e98a3-f56d-44fc-bda4-30ca49b899d2"
[2026-01-26T22:34:20.794Z] [DEBUG]: Inside [ClassService.ts:getClass] classId="cbd39986-6653-45c1-92f3-9dd2c62b32b3"
[2026-01-26T22:34:20.874Z] [DEBUG]: Complete [ClientHandler.ts:getClientEnrollmentDetails] 
[2026-01-26T22:37:27.202Z] [DEBUG]: Inside [UsersService.ts:getUserById] userId="b3f6be6b-6320-4d3f-bbd7-ab26ec44eca9"
[2026-01-26T22:37:27.307Z] [DEBUG]: Inside [UsersService.ts:getUser] username="admin@aquafitvallarta.com"
[2026-01-26T22:37:27.392Z] [DEBUG]: Inside [ClientHandler.ts:getClientEnrollmentDetails] userId="6734187ccfccd4175a69faaf"
[2026-01-26T22:37:27.392Z] [DEBUG]: Inside [EnrollmentService.ts:getClientEnrollments] userId="6734187ccfccd4175a69faaf"
[2026-01-26T22:37:27.473Z] [DEBUG]: Inside [UsersService.ts:getUserById] userId="6734187ccfccd4175a69faaf"
[2026-01-26T22:37:27.550Z] [DEBUG]: Inside [ClassService.ts:getClass] classId="7b0e98a3-f56d-44fc-bda4-30ca49b899d2"
[2026-01-26T22:37:27.631Z] [DEBUG]: Inside [ClassService.ts:getClass] classId="cbd39986-6653-45c1-92f3-9dd2c62b32b3"
[2026-01-26T22:37:27.714Z] [DEBUG]: Complete [ClientHandler.ts:getClientEnrollmentDetails] 
[2026-01-26T22:37:42.540Z] [DEBUG]: Inside [UsersService.ts:getUserById] userId="b3f6be6b-6320-4d3f-bbd7-ab26ec44eca9"
[2026-01-26T22:37:42.619Z] [DEBUG]: Inside [UsersService.ts:getUser] username="admin@aquafitvallarta.com"
[2026-01-26T22:37:42.703Z] [DEBUG]: Inside [ClientHandler.ts:getClientEnrollmentDetails] userId="6734187ccfccd4175a69faaf"
[2026-01-26T22:37:42.704Z] [DEBUG]: Inside [EnrollmentService.ts:getClientEnrollments] userId="6734187ccfccd4175a69faaf"
[2026-01-26T22:37:42.781Z] [DEBUG]: Inside [UsersService.ts:getUserById] userId="6734187ccfccd4175a69faaf"
[2026-01-26T22:37:42.857Z] [DEBUG]: Inside [ClassService.ts:getClass] classId="7b0e98a3-f56d-44fc-bda4-30ca49b899d2"
[2026-01-26T22:37:42.933Z] [DEBUG]: Inside [ClassService.ts:getClass] classId="cbd39986-6653-45c1-92f3-9dd2c62b32b3"
[2026-01-26T22:37:43.011Z] [DEBUG]: Complete [ClientHandler.ts:getClientEnrollmentDetails] 
[2026-01-26T23:02:41.502Z] [DEBUG]: Inside [UsersService.ts:getUserById] userId="b3f6be6b-6320-4d3f-bbd7-ab26ec44eca9"
[2026-01-26T23:02:41.581Z] [DEBUG]: Inside [UsersService.ts:getUser] username="admin@aquafitvallarta.com"
[2026-01-26T23:02:41.657Z] [DEBUG]: Inside [UsersService.ts:getAllUsers] role="client"
[2026-01-26T23:02:43.097Z] [DEBUG]: Inside [UsersService.ts:getUserById] userId="b3f6be6b-6320-4d3f-bbd7-ab26ec44eca9"
[2026-01-26T23:02:43.180Z] [DEBUG]: Inside [UsersService.ts:getUser] username="admin@aquafitvallarta.com"
[2026-01-26T23:02:43.263Z] [DEBUG]: Inside [ClientHandler.ts:getClientEnrollmentDetails] userId="6734187ccfccd4175a69faaf"
[2026-01-26T23:02:43.265Z] [DEBUG]: Inside [EnrollmentService.ts:getClientEnrollments] userId="6734187ccfccd4175a69faaf"
[2026-01-26T23:02:43.350Z] [DEBUG]: Inside [UsersService.ts:getUserById] userId="6734187ccfccd4175a69faaf"
[2026-01-26T23:02:43.426Z] [DEBUG]: Inside [ClassService.ts:getClass] classId="7b0e98a3-f56d-44fc-bda4-30ca49b899d2"
[2026-01-26T23:02:43.503Z] [DEBUG]: Inside [ClassService.ts:getClass] classId="cbd39986-6653-45c1-92f3-9dd2c62b32b3"
[2026-01-26T23:02:43.581Z] [DEBUG]: Complete [ClientHandler.ts:getClientEnrollmentDetails] 
[2026-01-26T23:03:43.658Z] [DEBUG]: Inside [UsersService.ts:getUserById] userId="b3f6be6b-6320-4d3f-bbd7-ab26ec44eca9"
[2026-01-26T23:03:43.750Z] [DEBUG]: Inside [UsersService.ts:getUser] username="admin@aquafitvallarta.com"
[2026-01-26T23:03:43.833Z] [DEBUG]: Inside [ClientHandler.ts:getClientEnrollmentDetails] userId="6734187ccfccd4175a69faaf"
[2026-01-26T23:03:43.833Z] [DEBUG]: Inside [EnrollmentService.ts:getClientEnrollments] userId="6734187ccfccd4175a69faaf"
[2026-01-26T23:03:43.909Z] [DEBUG]: Inside [UsersService.ts:getUserById] userId="6734187ccfccd4175a69faaf"
[2026-01-26T23:03:43.992Z] [DEBUG]: Inside [ClassService.ts:getClass] classId="7b0e98a3-f56d-44fc-bda4-30ca49b899d2"
[2026-01-26T23:03:44.072Z] [DEBUG]: Inside [ClassService.ts:getClass] classId="cbd39986-6653-45c1-92f3-9dd2c62b32b3"
[2026-01-26T23:03:44.151Z] [DEBUG]: Complete [ClientHandler.ts:getClientEnrollmentDetails] 
[2026-01-26T23:05:30.934Z] [DEBUG]: Inside [UsersService.ts:getUserById] userId="b3f6be6b-6320-4d3f-bbd7-ab26ec44eca9"
[2026-01-26T23:05:31.011Z] [DEBUG]: Inside [UsersService.ts:getUser] username="admin@aquafitvallarta.com"
[2026-01-26T23:05:31.092Z] [DEBUG]: Inside [ClientHandler.ts:getClientEnrollmentDetails] userId="6734187ccfccd4175a69faaf"
[2026-01-26T23:05:31.093Z] [DEBUG]: Inside [EnrollmentService.ts:getClientEnrollments] userId="6734187ccfccd4175a69faaf"
[2026-01-26T23:05:31.172Z] [DEBUG]: Inside [UsersService.ts:getUserById] userId="6734187ccfccd4175a69faaf"
[2026-01-26T23:05:31.248Z] [DEBUG]: Inside [ClassService.ts:getClass] classId="7b0e98a3-f56d-44fc-bda4-30ca49b899d2"
[2026-01-26T23:05:31.328Z] [DEBUG]: Inside [ClassService.ts:getClass] classId="cbd39986-6653-45c1-92f3-9dd2c62b32b3"
[2026-01-26T23:05:31.410Z] [DEBUG]: Complete [ClientHandler.ts:getClientEnrollmentDetails] 
[2026-01-26T23:06:22.435Z] [DEBUG]: Inside [UsersService.ts:getUserById] userId="b3f6be6b-6320-4d3f-bbd7-ab26ec44eca9"
[2026-01-26T23:06:22.513Z] [DEBUG]: Inside [UsersService.ts:getUser] username="admin@aquafitvallarta.com"
[2026-01-26T23:06:22.589Z] [DEBUG]: Inside [ClientHandler.ts:getClientEnrollmentDetails] userId="6734187ccfccd4175a69faaf"
[2026-01-26T23:06:22.589Z] [DEBUG]: Inside [EnrollmentService.ts:getClientEnrollments] userId="6734187ccfccd4175a69faaf"
[2026-01-26T23:06:22.667Z] [DEBUG]: Inside [UsersService.ts:getUserById] userId="6734187ccfccd4175a69faaf"
[2026-01-26T23:06:22.743Z] [DEBUG]: Inside [ClassService.ts:getClass] classId="7b0e98a3-f56d-44fc-bda4-30ca49b899d2"
[2026-01-26T23:06:22.819Z] [DEBUG]: Inside [ClassService.ts:getClass] classId="cbd39986-6653-45c1-92f3-9dd2c62b32b3"
[2026-01-26T23:06:22.894Z] [DEBUG]: Complete [ClientHandler.ts:getClientEnrollmentDetails] 
[2026-01-26T23:06:24.924Z] [DEBUG]: Inside [UsersService.ts:getUserById] userId="b3f6be6b-6320-4d3f-bbd7-ab26ec44eca9"
[2026-01-26T23:06:25.002Z] [DEBUG]: Inside [UsersService.ts:getUser] username="admin@aquafitvallarta.com"
[2026-01-26T23:06:25.080Z] [DEBUG]: Inside [ClientHandler.ts:getClientEnrollmentDetails] userId="6734187ccfccd4175a69faaf"
[2026-01-26T23:06:25.081Z] [DEBUG]: Inside [EnrollmentService.ts:getClientEnrollments] userId="6734187ccfccd4175a69faaf"
[2026-01-26T23:06:25.164Z] [DEBUG]: Inside [UsersService.ts:getUserById] userId="6734187ccfccd4175a69faaf"
[2026-01-26T23:06:25.240Z] [DEBUG]: Inside [ClassService.ts:getClass] classId="7b0e98a3-f56d-44fc-bda4-30ca49b899d2"
[2026-01-26T23:06:25.317Z] [DEBUG]: Inside [ClassService.ts:getClass] classId="cbd39986-6653-45c1-92f3-9dd2c62b32b3"
[2026-01-26T23:06:25.393Z] [DEBUG]: Complete [ClientHandler.ts:getClientEnrollmentDetails] 
[2026-01-26T23:06:26.084Z] [DEBUG]: Inside [UsersService.ts:getUserById] userId="b3f6be6b-6320-4d3f-bbd7-ab26ec44eca9"
[2026-01-26T23:06:26.163Z] [DEBUG]: Inside [UsersService.ts:getUser] username="admin@aquafitvallarta.com"
[2026-01-26T23:06:26.239Z] [DEBUG]: Inside [ClientHandler.ts:getClientEnrollmentDetails] userId="6734187ccfccd4175a69faaf"
[2026-01-26T23:06:26.240Z] [DEBUG]: Inside [EnrollmentService.ts:getClientEnrollments] userId="6734187ccfccd4175a69faaf"
[2026-01-26T23:06:26.317Z] [DEBUG]: Inside [UsersService.ts:getUserById] userId="6734187ccfccd4175a69faaf"
[2026-01-26T23:06:26.392Z] [DEBUG]: Inside [ClassService.ts:getClass] classId="7b0e98a3-f56d-44fc-bda4-30ca49b899d2"
[2026-01-26T23:06:26.468Z] [DEBUG]: Inside [ClassService.ts:getClass] classId="cbd39986-6653-45c1-92f3-9dd2c62b32b3"
[2026-01-26T23:06:26.544Z] [DEBUG]: Complete [ClientHandler.ts:getClientEnrollmentDetails] 
[2026-01-26T23:06:40.196Z] [DEBUG]: Inside [UsersService.ts:getUserById] userId="b3f6be6b-6320-4d3f-bbd7-ab26ec44eca9"
[2026-01-26T23:06:40.273Z] [DEBUG]: Inside [UsersService.ts:getUser] username="admin@aquafitvallarta.com"
[2026-01-26T23:06:40.353Z] [DEBUG]: Inside [ClientHandler.ts:getClientEnrollmentDetails] userId="6734187ccfccd4175a69faaf"
[2026-01-26T23:06:40.354Z] [DEBUG]: Inside [EnrollmentService.ts:getClientEnrollments] userId="6734187ccfccd4175a69faaf"
[2026-01-26T23:06:40.430Z] [DEBUG]: Inside [UsersService.ts:getUserById] userId="6734187ccfccd4175a69faaf"
[2026-01-26T23:06:40.506Z] [DEBUG]: Inside [ClassService.ts:getClass] classId="7b0e98a3-f56d-44fc-bda4-30ca49b899d2"
[2026-01-26T23:06:40.586Z] [DEBUG]: Inside [ClassService.ts:getClass] classId="cbd39986-6653-45c1-92f3-9dd2c62b32b3"
[2026-01-26T23:06:40.668Z] [DEBUG]: Complete [ClientHandler.ts:getClientEnrollmentDetails] 
[2026-01-26T23:06:41.661Z] [DEBUG]: Inside [UsersService.ts:getUserById] userId="b3f6be6b-6320-4d3f-bbd7-ab26ec44eca9"
[2026-01-26T23:06:41.737Z] [DEBUG]: Inside [UsersService.ts:getUser] username="admin@aquafitvallarta.com"
[2026-01-26T23:06:41.820Z] [DEBUG]: Inside [UsersService.ts:getUserById] userId="6734187ccfccd4175a69faaf"
[2026-01-26T23:10:04.318Z] [DEBUG]: Inside [UsersService.ts:getUserById] userId="b3f6be6b-6320-4d3f-bbd7-ab26ec44eca9"
[2026-01-26T23:10:04.396Z] [DEBUG]: Inside [UsersService.ts:getUser] username="admin@aquafitvallarta.com"
[2026-01-26T23:10:04.474Z] [DEBUG]: Inside [UsersService.ts:getUserById] userId="6734187ccfccd4175a69faaf"
[2026-01-26T23:10:11.408Z] [DEBUG]: Inside [UsersService.ts:getUserById] userId="b3f6be6b-6320-4d3f-bbd7-ab26ec44eca9"
[2026-01-26T23:10:11.489Z] [DEBUG]: Inside [UsersService.ts:getUser] username="admin@aquafitvallarta.com"
[2026-01-26T23:10:11.575Z] [DEBUG]: Inside [ClientHandler.ts:getClientEnrollmentDetails] userId="6734187ccfccd4175a69faaf"
[2026-01-26T23:10:11.577Z] [DEBUG]: Inside [EnrollmentService.ts:getClientEnrollments] userId="6734187ccfccd4175a69faaf"
[2026-01-26T23:10:11.660Z] [DEBUG]: Inside [UsersService.ts:getUserById] userId="6734187ccfccd4175a69faaf"
[2026-01-26T23:10:11.748Z] [DEBUG]: Inside [ClassService.ts:getClass] classId="7b0e98a3-f56d-44fc-bda4-30ca49b899d2"
[2026-01-26T23:10:11.825Z] [DEBUG]: Inside [ClassService.ts:getClass] classId="cbd39986-6653-45c1-92f3-9dd2c62b32b3"
[2026-01-26T23:10:11.900Z] [DEBUG]: Complete [ClientHandler.ts:getClientEnrollmentDetails] 
[2026-01-26T23:10:15.637Z] [DEBUG]: Inside [UsersService.ts:getUserById] userId="b3f6be6b-6320-4d3f-bbd7-ab26ec44eca9"
[2026-01-26T23:10:15.713Z] [DEBUG]: Inside [UsersService.ts:getUser] username="admin@aquafitvallarta.com"
[2026-01-26T23:10:15.789Z] [DEBUG]: Inside [ClassService.ts:getAllClasses] 
[2026-01-26T23:10:16.867Z] [DEBUG]: Inside [UsersService.ts:getUserById] userId="b3f6be6b-6320-4d3f-bbd7-ab26ec44eca9"
[2026-01-26T23:10:16.946Z] [DEBUG]: Inside [UsersService.ts:getUser] username="admin@aquafitvallarta.com"
[2026-01-26T23:10:17.023Z] [DEBUG]: Inside [ClassService.ts:getAllLocations] 
[2026-01-26T23:10:18.546Z] [DEBUG]: Inside [UsersService.ts:getUserById] userId="b3f6be6b-6320-4d3f-bbd7-ab26ec44eca9"
[2026-01-26T23:10:18.622Z] [DEBUG]: Inside [UsersService.ts:getUser] username="admin@aquafitvallarta.com"
[2026-01-26T23:10:18.708Z] [DEBUG]: Inside [ClassService.ts:getAllClasses] 
[2026-01-26T23:10:19.873Z] [DEBUG]: Inside [UsersService.ts:getUserById] userId="b3f6be6b-6320-4d3f-bbd7-ab26ec44eca9"
[2026-01-26T23:10:19.953Z] [DEBUG]: Inside [UsersService.ts:getUser] username="admin@aquafitvallarta.com"
[2026-01-26T23:10:20.047Z] [DEBUG]: Inside [ClassHandler.ts:getClassDetails] classId="fb9ce98a-b542-444e-b853-585267c3759f"
[2026-01-26T23:10:20.049Z] [DEBUG]: Inside [ClassService.ts:getClass] classId="fb9ce98a-b542-444e-b853-585267c3759f"
[2026-01-26T23:10:20.129Z] [DEBUG]: Inside [EnrollmentService.ts:getClassEnrollmentInfo] classId="fb9ce98a-b542-444e-b853-585267c3759f"
[2026-01-26T23:10:20.205Z] [DEBUG]: Inside [UsersService.ts:getUserFirstAndLastName] userId="67341947cfccd4175a69fab4"
[2026-01-26T23:10:20.282Z] [DEBUG]: Inside [InvoiceService.ts:getOldestUnpaidInvoice] invoiceIds=["fae1c83f-bb9d-42a8-828c-b7b1dc7369cc","07980204-e58e-4d8e-8215-2915a41be0d6"]
[2026-01-26T23:10:20.284Z] [DEBUG]: Inside [invoice.class.ts:getOldestUnpaidInvoice] invoiceIds=["fae1c83f-bb9d-42a8-828c-b7b1dc7369cc","07980204-e58e-4d8e-8215-2915a41be0d6"]
[2026-01-26T23:10:20.369Z] [DEBUG]: Complete [ClassHandler.ts:getClassDetails] 
[2026-01-26T23:10:21.000Z] [DEBUG]: Inside [UsersService.ts:getUserById] userId="b3f6be6b-6320-4d3f-bbd7-ab26ec44eca9"
[2026-01-26T23:10:21.080Z] [DEBUG]: Inside [UsersService.ts:getUser] username="admin@aquafitvallarta.com"
[2026-01-26T23:10:21.155Z] [DEBUG]: Inside [ClassService.ts:getAllLocations] 
[2026-01-26T23:12:04.345Z] [DEBUG]: Inside [CronScheduler.ts:startAllJobs] 
[2026-01-26T23:12:10.074Z] [DEBUG]: Inside [CronScheduler.ts:startAllJobs] 
[2026-01-26T23:15:46.213Z] [DEBUG]: Inside [UsersService.ts:getUserById] userId="b3f6be6b-6320-4d3f-bbd7-ab26ec44eca9"
[2026-01-26T23:15:46.224Z] [DEBUG]: Inside [UsersService.ts:getUserById] userId="b3f6be6b-6320-4d3f-bbd7-ab26ec44eca9"
[2026-01-26T23:15:46.295Z] [DEBUG]: Inside [UsersService.ts:getUser] username="admin@aquafitvallarta.com"
[2026-01-26T23:15:46.302Z] [DEBUG]: Inside [UsersService.ts:getUser] username="admin@aquafitvallarta.com"
[2026-01-26T23:15:46.382Z] [DEBUG]: Inside [ClassHandler.ts:getClassDetails] classId="fb9ce98a-b542-444e-b853-585267c3759f"
[2026-01-26T23:15:46.382Z] [DEBUG]: Inside [ClassService.ts:getClass] classId="fb9ce98a-b542-444e-b853-585267c3759f"
[2026-01-26T23:15:46.387Z] [DEBUG]: Inside [ClassService.ts:getAllLocations] 
[2026-01-26T23:15:46.460Z] [DEBUG]: Inside [EnrollmentService.ts:getClassEnrollmentInfo] classId="fb9ce98a-b542-444e-b853-585267c3759f"
[2026-01-26T23:15:46.538Z] [DEBUG]: Inside [UsersService.ts:getUserFirstAndLastName] userId="67341947cfccd4175a69fab4"
[2026-01-26T23:15:46.615Z] [DEBUG]: Inside [InvoiceService.ts:getOldestUnpaidInvoice] invoiceIds=["fae1c83f-bb9d-42a8-828c-b7b1dc7369cc","07980204-e58e-4d8e-8215-2915a41be0d6"]
[2026-01-26T23:15:46.615Z] [DEBUG]: Inside [invoice.class.ts:getOldestUnpaidInvoice] invoiceIds=["fae1c83f-bb9d-42a8-828c-b7b1dc7369cc","07980204-e58e-4d8e-8215-2915a41be0d6"]
[2026-01-26T23:15:46.696Z] [DEBUG]: Complete [ClassHandler.ts:getClassDetails] 
[2026-01-26T23:15:50.634Z] [DEBUG]: Inside [UsersService.ts:getUserById] userId="b3f6be6b-6320-4d3f-bbd7-ab26ec44eca9"
[2026-01-26T23:15:50.640Z] [DEBUG]: Inside [UsersService.ts:getUserById] userId="b3f6be6b-6320-4d3f-bbd7-ab26ec44eca9"
[2026-01-26T23:15:50.711Z] [DEBUG]: Inside [UsersService.ts:getUser] username="admin@aquafitvallarta.com"
[2026-01-26T23:15:50.716Z] [DEBUG]: Inside [UsersService.ts:getUser] username="admin@aquafitvallarta.com"
[2026-01-26T23:15:50.789Z] [DEBUG]: Inside [ClassHandler.ts:getClassDetails] classId="fb9ce98a-b542-444e-b853-585267c3759f"
[2026-01-26T23:15:50.790Z] [DEBUG]: Inside [ClassService.ts:getClass] classId="fb9ce98a-b542-444e-b853-585267c3759f"
[2026-01-26T23:15:50.795Z] [DEBUG]: Inside [ClassService.ts:getAllLocations] 
[2026-01-26T23:15:50.868Z] [DEBUG]: Inside [EnrollmentService.ts:getClassEnrollmentInfo] classId="fb9ce98a-b542-444e-b853-585267c3759f"
[2026-01-26T23:15:50.944Z] [DEBUG]: Inside [UsersService.ts:getUserFirstAndLastName] userId="67341947cfccd4175a69fab4"
[2026-01-26T23:15:51.024Z] [DEBUG]: Inside [InvoiceService.ts:getOldestUnpaidInvoice] invoiceIds=["fae1c83f-bb9d-42a8-828c-b7b1dc7369cc","07980204-e58e-4d8e-8215-2915a41be0d6"]
[2026-01-26T23:15:51.024Z] [DEBUG]: Inside [invoice.class.ts:getOldestUnpaidInvoice] invoiceIds=["fae1c83f-bb9d-42a8-828c-b7b1dc7369cc","07980204-e58e-4d8e-8215-2915a41be0d6"]
[2026-01-26T23:15:58.888Z] [DEBUG]: Inside [CronScheduler.ts:startAllJobs] 
[2026-01-26T23:16:11.074Z] [DEBUG]: Inside [UsersService.ts:getUserById] userId="b3f6be6b-6320-4d3f-bbd7-ab26ec44eca9"
[2026-01-26T23:16:11.089Z] [DEBUG]: Inside [UsersService.ts:getUserById] userId="b3f6be6b-6320-4d3f-bbd7-ab26ec44eca9"
[2026-01-26T23:16:11.159Z] [DEBUG]: Inside [UsersService.ts:getUser] username="admin@aquafitvallarta.com"
[2026-01-26T23:16:11.166Z] [DEBUG]: Inside [UsersService.ts:getUser] username="admin@aquafitvallarta.com"
[2026-01-26T23:16:11.243Z] [DEBUG]: Inside [ClassHandler.ts:getClassDetails] classId="fb9ce98a-b542-444e-b853-585267c3759f"
[2026-01-26T23:16:11.244Z] [DEBUG]: Inside [ClassService.ts:getClass] classId="fb9ce98a-b542-444e-b853-585267c3759f"
[2026-01-26T23:16:11.248Z] [DEBUG]: Inside [ClassService.ts:getAllLocations] 
[2026-01-26T23:16:11.322Z] [DEBUG]: Inside [EnrollmentService.ts:getClassEnrollmentInfo] classId="fb9ce98a-b542-444e-b853-585267c3759f"
[2026-01-26T23:16:11.399Z] [DEBUG]: Inside [UsersService.ts:getUserFirstAndLastName] userId="67341947cfccd4175a69fab4"
[2026-01-26T23:16:11.478Z] [DEBUG]: Inside [InvoiceService.ts:getOldestUnpaidInvoice] invoiceIds=["fae1c83f-bb9d-42a8-828c-b7b1dc7369cc","07980204-e58e-4d8e-8215-2915a41be0d6"]
[2026-01-26T23:16:11.478Z] [DEBUG]: Inside [invoice.class.ts:getOldestUnpaidInvoice] invoiceIds=["fae1c83f-bb9d-42a8-828c-b7b1dc7369cc","07980204-e58e-4d8e-8215-2915a41be0d6"]
[2026-01-26T23:16:11.560Z] [DEBUG]: Complete [ClassHandler.ts:getClassDetails] 
[2026-01-26T23:17:13.733Z] [DEBUG]: Inside [CronScheduler.ts:startAllJobs] 
[2026-01-26T23:17:15.468Z] [DEBUG]: Inside [UsersService.ts:getUserById] userId="b3f6be6b-6320-4d3f-bbd7-ab26ec44eca9"
[2026-01-26T23:17:15.694Z] [DEBUG]: Inside [UsersService.ts:getUser] username="admin@aquafitvallarta.com"
[2026-01-26T23:17:15.856Z] [DEBUG]: Inside [ClassService.ts:getAllLocations] 
[2026-01-26T23:17:27.805Z] [DEBUG]: Inside [UsersService.ts:getUserById] userId="b3f6be6b-6320-4d3f-bbd7-ab26ec44eca9"
[2026-01-26T23:17:27.811Z] [DEBUG]: Inside [UsersService.ts:getUserById] userId="b3f6be6b-6320-4d3f-bbd7-ab26ec44eca9"
[2026-01-26T23:17:27.888Z] [DEBUG]: Inside [UsersService.ts:getUser] username="admin@aquafitvallarta.com"
[2026-01-26T23:17:27.917Z] [DEBUG]: Inside [UsersService.ts:getUser] username="admin@aquafitvallarta.com"
[2026-01-26T23:17:27.997Z] [DEBUG]: Inside [ClassService.ts:getClass] classId="fb9ce98a-b542-444e-b853-585267c3759f"
[2026-01-26T23:17:28.001Z] [DEBUG]: Inside [ClassService.ts:getAllLocations] 
[2026-01-26T23:19:13.980Z] [DEBUG]: Inside [UsersService.ts:getUserById] userId="b3f6be6b-6320-4d3f-bbd7-ab26ec44eca9"
[2026-01-26T23:19:13.990Z] [DEBUG]: Inside [UsersService.ts:getUserById] userId="b3f6be6b-6320-4d3f-bbd7-ab26ec44eca9"
[2026-01-26T23:19:14.058Z] [DEBUG]: Inside [UsersService.ts:getUser] username="admin@aquafitvallarta.com"
[2026-01-26T23:19:14.068Z] [DEBUG]: Inside [UsersService.ts:getUser] username="admin@aquafitvallarta.com"
[2026-01-26T23:19:14.137Z] [DEBUG]: Inside [ClassService.ts:getClass] classId="fb9ce98a-b542-444e-b853-585267c3759f"
[2026-01-26T23:19:14.145Z] [DEBUG]: Inside [ClassService.ts:getAllLocations] 
[2026-01-26T23:19:21.465Z] [DEBUG]: Inside [UsersService.ts:getUserById] userId="b3f6be6b-6320-4d3f-bbd7-ab26ec44eca9"
[2026-01-26T23:19:21.547Z] [DEBUG]: Inside [UsersService.ts:getUser] username="admin@aquafitvallarta.com"
[2026-01-26T23:19:21.637Z] [DEBUG]: Inside [ClassHandler.ts:getClassDetails] classId="fb9ce98a-b542-444e-b853-585267c3759f"
[2026-01-26T23:19:21.638Z] [DEBUG]: Inside [ClassService.ts:getClass] classId="fb9ce98a-b542-444e-b853-585267c3759f"
[2026-01-26T23:19:21.715Z] [DEBUG]: Inside [EnrollmentService.ts:getClassEnrollmentInfo] classId="fb9ce98a-b542-444e-b853-585267c3759f"
[2026-01-26T23:19:21.792Z] [DEBUG]: Inside [UsersService.ts:getUserFirstAndLastName] userId="67341947cfccd4175a69fab4"
[2026-01-26T23:19:21.879Z] [DEBUG]: Inside [InvoiceService.ts:getOldestUnpaidInvoice] invoiceIds=["fae1c83f-bb9d-42a8-828c-b7b1dc7369cc","07980204-e58e-4d8e-8215-2915a41be0d6"]
[2026-01-26T23:19:21.882Z] [DEBUG]: Inside [invoice.class.ts:getOldestUnpaidInvoice] invoiceIds=["fae1c83f-bb9d-42a8-828c-b7b1dc7369cc","07980204-e58e-4d8e-8215-2915a41be0d6"]
[2026-01-26T23:19:21.975Z] [DEBUG]: Complete [ClassHandler.ts:getClassDetails] 
[2026-01-26T23:21:57.607Z] [DEBUG]: Inside [UsersService.ts:getUserById] userId="b3f6be6b-6320-4d3f-bbd7-ab26ec44eca9"
[2026-01-26T23:21:57.685Z] [DEBUG]: Inside [UsersService.ts:getUser] username="admin@aquafitvallarta.com"
[2026-01-26T23:21:57.763Z] [DEBUG]: Inside [ClassHandler.ts:getClassDetails] classId="fb9ce98a-b542-444e-b853-585267c3759f"
[2026-01-26T23:21:57.764Z] [DEBUG]: Inside [ClassService.ts:getClass] classId="fb9ce98a-b542-444e-b853-585267c3759f"
[2026-01-26T23:21:57.841Z] [DEBUG]: Inside [EnrollmentService.ts:getClassEnrollmentInfo] classId="fb9ce98a-b542-444e-b853-585267c3759f"
[2026-01-26T23:21:57.917Z] [DEBUG]: Inside [UsersService.ts:getUserFirstAndLastName] userId="67341947cfccd4175a69fab4"
[2026-01-26T23:21:57.994Z] [DEBUG]: Inside [InvoiceService.ts:getOldestUnpaidInvoice] invoiceIds=["fae1c83f-bb9d-42a8-828c-b7b1dc7369cc","07980204-e58e-4d8e-8215-2915a41be0d6"]
[2026-01-26T23:21:57.995Z] [DEBUG]: Inside [invoice.class.ts:getOldestUnpaidInvoice] invoiceIds=["fae1c83f-bb9d-42a8-828c-b7b1dc7369cc","07980204-e58e-4d8e-8215-2915a41be0d6"]
[2026-01-26T23:21:58.071Z] [DEBUG]: Complete [ClassHandler.ts:getClassDetails] 
[2026-01-26T23:21:58.871Z] [DEBUG]: Inside [UsersService.ts:getUserById] userId="b3f6be6b-6320-4d3f-bbd7-ab26ec44eca9"
[2026-01-26T23:21:58.952Z] [DEBUG]: Inside [UsersService.ts:getUser] username="admin@aquafitvallarta.com"
[2026-01-26T23:21:59.029Z] [DEBUG]: Inside [ClassHandler.ts:getClassDetails] classId="fb9ce98a-b542-444e-b853-585267c3759f"
[2026-01-26T23:21:59.030Z] [DEBUG]: Inside [ClassService.ts:getClass] classId="fb9ce98a-b542-444e-b853-585267c3759f"
[2026-01-26T23:21:59.105Z] [DEBUG]: Inside [EnrollmentService.ts:getClassEnrollmentInfo] classId="fb9ce98a-b542-444e-b853-585267c3759f"
[2026-01-26T23:21:59.185Z] [DEBUG]: Inside [UsersService.ts:getUserFirstAndLastName] userId="67341947cfccd4175a69fab4"
[2026-01-26T23:21:59.268Z] [DEBUG]: Inside [InvoiceService.ts:getOldestUnpaidInvoice] invoiceIds=["fae1c83f-bb9d-42a8-828c-b7b1dc7369cc","07980204-e58e-4d8e-8215-2915a41be0d6"]
[2026-01-26T23:21:59.268Z] [DEBUG]: Inside [invoice.class.ts:getOldestUnpaidInvoice] invoiceIds=["fae1c83f-bb9d-42a8-828c-b7b1dc7369cc","07980204-e58e-4d8e-8215-2915a41be0d6"]
[2026-01-26T23:21:59.348Z] [DEBUG]: Complete [ClassHandler.ts:getClassDetails] 
[2026-01-26T23:22:01.124Z] [DEBUG]: Inside [UsersService.ts:getUserById] userId="b3f6be6b-6320-4d3f-bbd7-ab26ec44eca9"
[2026-01-26T23:22:01.200Z] [DEBUG]: Inside [UsersService.ts:getUser] username="admin@aquafitvallarta.com"
[2026-01-26T23:22:01.282Z] [DEBUG]: Inside [ClassHandler.ts:getClassDetails] classId="fb9ce98a-b542-444e-b853-585267c3759f"
[2026-01-26T23:22:01.283Z] [DEBUG]: Inside [ClassService.ts:getClass] classId="fb9ce98a-b542-444e-b853-585267c3759f"
[2026-01-26T23:22:01.361Z] [DEBUG]: Inside [EnrollmentService.ts:getClassEnrollmentInfo] classId="fb9ce98a-b542-444e-b853-585267c3759f"
[2026-01-26T23:22:01.436Z] [DEBUG]: Inside [UsersService.ts:getUserFirstAndLastName] userId="67341947cfccd4175a69fab4"
[2026-01-26T23:22:01.511Z] [DEBUG]: Inside [InvoiceService.ts:getOldestUnpaidInvoice] invoiceIds=["fae1c83f-bb9d-42a8-828c-b7b1dc7369cc","07980204-e58e-4d8e-8215-2915a41be0d6"]
[2026-01-26T23:22:01.512Z] [DEBUG]: Inside [invoice.class.ts:getOldestUnpaidInvoice] invoiceIds=["fae1c83f-bb9d-42a8-828c-b7b1dc7369cc","07980204-e58e-4d8e-8215-2915a41be0d6"]
[2026-01-26T23:22:01.589Z] [DEBUG]: Complete [ClassHandler.ts:getClassDetails] 
[2026-01-26T23:22:04.485Z] [DEBUG]: Inside [UsersService.ts:getUserById] userId="b3f6be6b-6320-4d3f-bbd7-ab26ec44eca9"
[2026-01-26T23:22:04.563Z] [DEBUG]: Inside [UsersService.ts:getUser] username="admin@aquafitvallarta.com"
[2026-01-26T23:22:04.640Z] [DEBUG]: Inside [ClassHandler.ts:getClassDetails] classId="fb9ce98a-b542-444e-b853-585267c3759f"
[2026-01-26T23:22:04.649Z] [DEBUG]: Inside [ClassService.ts:getClass] classId="fb9ce98a-b542-444e-b853-585267c3759f"
[2026-01-26T23:22:04.730Z] [DEBUG]: Inside [EnrollmentService.ts:getClassEnrollmentInfo] classId="fb9ce98a-b542-444e-b853-585267c3759f"
[2026-01-26T23:22:04.806Z] [DEBUG]: Inside [UsersService.ts:getUserFirstAndLastName] userId="67341947cfccd4175a69fab4"
[2026-01-26T23:22:04.886Z] [DEBUG]: Inside [InvoiceService.ts:getOldestUnpaidInvoice] invoiceIds=["fae1c83f-bb9d-42a8-828c-b7b1dc7369cc","07980204-e58e-4d8e-8215-2915a41be0d6"]
[2026-01-26T23:22:04.886Z] [DEBUG]: Inside [invoice.class.ts:getOldestUnpaidInvoice] invoiceIds=["fae1c83f-bb9d-42a8-828c-b7b1dc7369cc","07980204-e58e-4d8e-8215-2915a41be0d6"]
[2026-01-26T23:22:04.962Z] [DEBUG]: Complete [ClassHandler.ts:getClassDetails] 
[2026-01-26T23:22:24.297Z] [DEBUG]: Inside [UsersService.ts:getUserById] userId="b3f6be6b-6320-4d3f-bbd7-ab26ec44eca9"
[2026-01-26T23:22:24.376Z] [DEBUG]: Inside [UsersService.ts:getUser] username="admin@aquafitvallarta.com"
[2026-01-26T23:22:24.457Z] [DEBUG]: Inside [ClassHandler.ts:getClassDetails] classId="fb9ce98a-b542-444e-b853-585267c3759f"
[2026-01-26T23:22:24.458Z] [DEBUG]: Inside [ClassService.ts:getClass] classId="fb9ce98a-b542-444e-b853-585267c3759f"
[2026-01-26T23:22:24.536Z] [DEBUG]: Inside [EnrollmentService.ts:getClassEnrollmentInfo] classId="fb9ce98a-b542-444e-b853-585267c3759f"
[2026-01-26T23:22:24.612Z] [DEBUG]: Inside [UsersService.ts:getUserFirstAndLastName] userId="67341947cfccd4175a69fab4"
[2026-01-26T23:22:24.687Z] [DEBUG]: Inside [InvoiceService.ts:getOldestUnpaidInvoice] invoiceIds=["fae1c83f-bb9d-42a8-828c-b7b1dc7369cc","07980204-e58e-4d8e-8215-2915a41be0d6"]
[2026-01-26T23:22:24.688Z] [DEBUG]: Inside [invoice.class.ts:getOldestUnpaidInvoice] invoiceIds=["fae1c83f-bb9d-42a8-828c-b7b1dc7369cc","07980204-e58e-4d8e-8215-2915a41be0d6"]
[2026-01-26T23:22:24.769Z] [DEBUG]: Complete [ClassHandler.ts:getClassDetails] 
[2026-01-26T23:22:25.644Z] [DEBUG]: Inside [UsersService.ts:getUserById] userId="b3f6be6b-6320-4d3f-bbd7-ab26ec44eca9"
[2026-01-26T23:22:25.721Z] [DEBUG]: Inside [UsersService.ts:getUser] username="admin@aquafitvallarta.com"
[2026-01-26T23:22:25.798Z] [DEBUG]: Inside [ClassHandler.ts:getClassDetails] classId="fb9ce98a-b542-444e-b853-585267c3759f"
[2026-01-26T23:22:25.798Z] [DEBUG]: Inside [ClassService.ts:getClass] classId="fb9ce98a-b542-444e-b853-585267c3759f"
[2026-01-26T23:22:25.875Z] [DEBUG]: Inside [EnrollmentService.ts:getClassEnrollmentInfo] classId="fb9ce98a-b542-444e-b853-585267c3759f"
[2026-01-26T23:22:25.951Z] [DEBUG]: Inside [UsersService.ts:getUserFirstAndLastName] userId="67341947cfccd4175a69fab4"
[2026-01-26T23:22:26.029Z] [DEBUG]: Inside [InvoiceService.ts:getOldestUnpaidInvoice] invoiceIds=["fae1c83f-bb9d-42a8-828c-b7b1dc7369cc","07980204-e58e-4d8e-8215-2915a41be0d6"]
[2026-01-26T23:22:26.029Z] [DEBUG]: Inside [invoice.class.ts:getOldestUnpaidInvoice] invoiceIds=["fae1c83f-bb9d-42a8-828c-b7b1dc7369cc","07980204-e58e-4d8e-8215-2915a41be0d6"]
[2026-01-26T23:22:26.108Z] [DEBUG]: Complete [ClassHandler.ts:getClassDetails] 
[2026-01-26T23:26:13.431Z] [DEBUG]: Inside [UsersService.ts:getUserById] userId="b3f6be6b-6320-4d3f-bbd7-ab26ec44eca9"
[2026-01-26T23:26:13.508Z] [DEBUG]: Inside [UsersService.ts:getUser] username="admin@aquafitvallarta.com"
[2026-01-26T23:26:13.585Z] [DEBUG]: Inside [ClassHandler.ts:getClassDetails] classId="fb9ce98a-b542-444e-b853-585267c3759f"
[2026-01-26T23:26:13.586Z] [DEBUG]: Inside [ClassService.ts:getClass] classId="fb9ce98a-b542-444e-b853-585267c3759f"
[2026-01-26T23:26:13.662Z] [DEBUG]: Inside [EnrollmentService.ts:getClassEnrollmentInfo] classId="fb9ce98a-b542-444e-b853-585267c3759f"
[2026-01-26T23:26:13.742Z] [DEBUG]: Inside [UsersService.ts:getUserFirstAndLastName] userId="67341947cfccd4175a69fab4"
[2026-01-26T23:26:13.825Z] [DEBUG]: Inside [InvoiceService.ts:getOldestUnpaidInvoice] invoiceIds=["fae1c83f-bb9d-42a8-828c-b7b1dc7369cc","07980204-e58e-4d8e-8215-2915a41be0d6"]
[2026-01-26T23:26:13.826Z] [DEBUG]: Inside [invoice.class.ts:getOldestUnpaidInvoice] invoiceIds=["fae1c83f-bb9d-42a8-828c-b7b1dc7369cc","07980204-e58e-4d8e-8215-2915a41be0d6"]
[2026-01-26T23:26:13.906Z] [DEBUG]: Complete [ClassHandler.ts:getClassDetails] 
[2026-01-26T23:26:15.553Z] [DEBUG]: Inside [UsersService.ts:getUserById] userId="b3f6be6b-6320-4d3f-bbd7-ab26ec44eca9"
[2026-01-26T23:26:15.630Z] [DEBUG]: Inside [UsersService.ts:getUser] username="admin@aquafitvallarta.com"
[2026-01-26T23:26:15.708Z] [DEBUG]: Inside [ClassHandler.ts:getClassDetails] classId="fb9ce98a-b542-444e-b853-585267c3759f"
[2026-01-26T23:26:15.718Z] [DEBUG]: Inside [ClassService.ts:getClass] classId="fb9ce98a-b542-444e-b853-585267c3759f"
[2026-01-26T23:26:15.794Z] [DEBUG]: Inside [EnrollmentService.ts:getClassEnrollmentInfo] classId="fb9ce98a-b542-444e-b853-585267c3759f"
[2026-01-26T23:26:15.871Z] [DEBUG]: Inside [UsersService.ts:getUserFirstAndLastName] userId="67341947cfccd4175a69fab4"
[2026-01-26T23:26:15.952Z] [DEBUG]: Inside [InvoiceService.ts:getOldestUnpaidInvoice] invoiceIds=["fae1c83f-bb9d-42a8-828c-b7b1dc7369cc","07980204-e58e-4d8e-8215-2915a41be0d6"]
[2026-01-26T23:26:15.954Z] [DEBUG]: Inside [invoice.class.ts:getOldestUnpaidInvoice] invoiceIds=["fae1c83f-bb9d-42a8-828c-b7b1dc7369cc","07980204-e58e-4d8e-8215-2915a41be0d6"]
[2026-01-26T23:26:16.038Z] [DEBUG]: Complete [ClassHandler.ts:getClassDetails] 
[2026-01-26T23:26:18.000Z] [DEBUG]: Inside [UsersService.ts:getUserById] userId="b3f6be6b-6320-4d3f-bbd7-ab26ec44eca9"
[2026-01-26T23:26:18.080Z] [DEBUG]: Inside [UsersService.ts:getUser] username="admin@aquafitvallarta.com"
[2026-01-26T23:26:18.161Z] [DEBUG]: Inside [ClassHandler.ts:getClassDetails] classId="fb9ce98a-b542-444e-b853-585267c3759f"
[2026-01-26T23:26:18.162Z] [DEBUG]: Inside [ClassService.ts:getClass] classId="fb9ce98a-b542-444e-b853-585267c3759f"
[2026-01-26T23:26:18.240Z] [DEBUG]: Inside [EnrollmentService.ts:getClassEnrollmentInfo] classId="fb9ce98a-b542-444e-b853-585267c3759f"
[2026-01-26T23:26:18.316Z] [DEBUG]: Inside [UsersService.ts:getUserFirstAndLastName] userId="67341947cfccd4175a69fab4"
[2026-01-26T23:26:18.397Z] [DEBUG]: Inside [InvoiceService.ts:getOldestUnpaidInvoice] invoiceIds=["fae1c83f-bb9d-42a8-828c-b7b1dc7369cc","07980204-e58e-4d8e-8215-2915a41be0d6"]
[2026-01-26T23:26:18.398Z] [DEBUG]: Inside [invoice.class.ts:getOldestUnpaidInvoice] invoiceIds=["fae1c83f-bb9d-42a8-828c-b7b1dc7369cc","07980204-e58e-4d8e-8215-2915a41be0d6"]
[2026-01-26T23:26:18.477Z] [DEBUG]: Complete [ClassHandler.ts:getClassDetails] 
[2026-01-26T23:26:20.024Z] [DEBUG]: Inside [UsersService.ts:getUserById] userId="b3f6be6b-6320-4d3f-bbd7-ab26ec44eca9"
[2026-01-26T23:26:20.102Z] [DEBUG]: Inside [UsersService.ts:getUser] username="admin@aquafitvallarta.com"
[2026-01-26T23:26:20.179Z] [DEBUG]: Inside [ClassHandler.ts:getClassDetails] classId="fb9ce98a-b542-444e-b853-585267c3759f"
[2026-01-26T23:26:20.180Z] [DEBUG]: Inside [ClassService.ts:getClass] classId="fb9ce98a-b542-444e-b853-585267c3759f"
[2026-01-26T23:26:20.257Z] [DEBUG]: Inside [EnrollmentService.ts:getClassEnrollmentInfo] classId="fb9ce98a-b542-444e-b853-585267c3759f"
[2026-01-26T23:26:20.332Z] [DEBUG]: Inside [UsersService.ts:getUserFirstAndLastName] userId="67341947cfccd4175a69fab4"
[2026-01-26T23:26:20.415Z] [DEBUG]: Inside [InvoiceService.ts:getOldestUnpaidInvoice] invoiceIds=["fae1c83f-bb9d-42a8-828c-b7b1dc7369cc","07980204-e58e-4d8e-8215-2915a41be0d6"]
[2026-01-26T23:26:20.415Z] [DEBUG]: Inside [invoice.class.ts:getOldestUnpaidInvoice] invoiceIds=["fae1c83f-bb9d-42a8-828c-b7b1dc7369cc","07980204-e58e-4d8e-8215-2915a41be0d6"]
[2026-01-26T23:26:20.495Z] [DEBUG]: Complete [ClassHandler.ts:getClassDetails] 
[2026-01-26T23:26:52.696Z] [DEBUG]: Inside [UsersService.ts:getUserById] userId="b3f6be6b-6320-4d3f-bbd7-ab26ec44eca9"
[2026-01-26T23:26:52.773Z] [DEBUG]: Inside [UsersService.ts:getUser] username="admin@aquafitvallarta.com"
[2026-01-26T23:26:52.851Z] [DEBUG]: Inside [ClassHandler.ts:getClassDetails] classId="fb9ce98a-b542-444e-b853-585267c3759f"
[2026-01-26T23:26:52.852Z] [DEBUG]: Inside [ClassService.ts:getClass] classId="fb9ce98a-b542-444e-b853-585267c3759f"
[2026-01-26T23:26:52.927Z] [DEBUG]: Inside [EnrollmentService.ts:getClassEnrollmentInfo] classId="fb9ce98a-b542-444e-b853-585267c3759f"
[2026-01-26T23:26:53.003Z] [DEBUG]: Inside [UsersService.ts:getUserFirstAndLastName] userId="67341947cfccd4175a69fab4"
[2026-01-26T23:26:53.078Z] [DEBUG]: Inside [InvoiceService.ts:getOldestUnpaidInvoice] invoiceIds=["fae1c83f-bb9d-42a8-828c-b7b1dc7369cc","07980204-e58e-4d8e-8215-2915a41be0d6"]
[2026-01-26T23:26:53.079Z] [DEBUG]: Inside [invoice.class.ts:getOldestUnpaidInvoice] invoiceIds=["fae1c83f-bb9d-42a8-828c-b7b1dc7369cc","07980204-e58e-4d8e-8215-2915a41be0d6"]
[2026-01-26T23:26:53.155Z] [DEBUG]: Complete [ClassHandler.ts:getClassDetails] 
[2026-01-26T23:26:54.310Z] [DEBUG]: Inside [UsersService.ts:getUserById] userId="b3f6be6b-6320-4d3f-bbd7-ab26ec44eca9"
[2026-01-26T23:26:54.387Z] [DEBUG]: Inside [UsersService.ts:getUser] username="admin@aquafitvallarta.com"
[2026-01-26T23:26:54.464Z] [DEBUG]: Inside [ClassHandler.ts:getClassDetails] classId="fb9ce98a-b542-444e-b853-585267c3759f"
[2026-01-26T23:26:54.465Z] [DEBUG]: Inside [ClassService.ts:getClass] classId="fb9ce98a-b542-444e-b853-585267c3759f"
[2026-01-26T23:26:54.545Z] [DEBUG]: Inside [EnrollmentService.ts:getClassEnrollmentInfo] classId="fb9ce98a-b542-444e-b853-585267c3759f"
[2026-01-26T23:26:54.621Z] [DEBUG]: Inside [UsersService.ts:getUserFirstAndLastName] userId="67341947cfccd4175a69fab4"
[2026-01-26T23:26:54.703Z] [DEBUG]: Inside [InvoiceService.ts:getOldestUnpaidInvoice] invoiceIds=["fae1c83f-bb9d-42a8-828c-b7b1dc7369cc","07980204-e58e-4d8e-8215-2915a41be0d6"]
[2026-01-26T23:26:54.705Z] [DEBUG]: Inside [invoice.class.ts:getOldestUnpaidInvoice] invoiceIds=["fae1c83f-bb9d-42a8-828c-b7b1dc7369cc","07980204-e58e-4d8e-8215-2915a41be0d6"]
[2026-01-26T23:26:54.787Z] [DEBUG]: Complete [ClassHandler.ts:getClassDetails] 
[2026-01-26T23:26:56.655Z] [DEBUG]: Inside [UsersService.ts:getUserById] userId="b3f6be6b-6320-4d3f-bbd7-ab26ec44eca9"
[2026-01-26T23:26:56.731Z] [DEBUG]: Inside [UsersService.ts:getUser] username="admin@aquafitvallarta.com"
[2026-01-26T23:26:56.807Z] [DEBUG]: Inside [ClassHandler.ts:getClassDetails] classId="fb9ce98a-b542-444e-b853-585267c3759f"
[2026-01-26T23:26:56.808Z] [DEBUG]: Inside [ClassService.ts:getClass] classId="fb9ce98a-b542-444e-b853-585267c3759f"
[2026-01-26T23:26:56.888Z] [DEBUG]: Inside [EnrollmentService.ts:getClassEnrollmentInfo] classId="fb9ce98a-b542-444e-b853-585267c3759f"
[2026-01-26T23:26:56.963Z] [DEBUG]: Inside [UsersService.ts:getUserFirstAndLastName] userId="67341947cfccd4175a69fab4"
[2026-01-26T23:26:57.043Z] [DEBUG]: Inside [InvoiceService.ts:getOldestUnpaidInvoice] invoiceIds=["fae1c83f-bb9d-42a8-828c-b7b1dc7369cc","07980204-e58e-4d8e-8215-2915a41be0d6"]
[2026-01-26T23:26:57.044Z] [DEBUG]: Inside [invoice.class.ts:getOldestUnpaidInvoice] invoiceIds=["fae1c83f-bb9d-42a8-828c-b7b1dc7369cc","07980204-e58e-4d8e-8215-2915a41be0d6"]
[2026-01-26T23:26:57.121Z] [DEBUG]: Complete [ClassHandler.ts:getClassDetails] 
[2026-01-26T23:26:58.048Z] [DEBUG]: Inside [UsersService.ts:getUserById] userId="b3f6be6b-6320-4d3f-bbd7-ab26ec44eca9"
[2026-01-26T23:26:58.127Z] [DEBUG]: Inside [UsersService.ts:getUser] username="admin@aquafitvallarta.com"
[2026-01-26T23:26:58.205Z] [DEBUG]: Inside [ClassHandler.ts:getClassDetails] classId="fb9ce98a-b542-444e-b853-585267c3759f"
[2026-01-26T23:26:58.206Z] [DEBUG]: Inside [ClassService.ts:getClass] classId="fb9ce98a-b542-444e-b853-585267c3759f"
[2026-01-26T23:26:58.286Z] [DEBUG]: Inside [EnrollmentService.ts:getClassEnrollmentInfo] classId="fb9ce98a-b542-444e-b853-585267c3759f"
[2026-01-26T23:26:58.366Z] [DEBUG]: Inside [UsersService.ts:getUserFirstAndLastName] userId="67341947cfccd4175a69fab4"
[2026-01-26T23:26:58.447Z] [DEBUG]: Inside [InvoiceService.ts:getOldestUnpaidInvoice] invoiceIds=["fae1c83f-bb9d-42a8-828c-b7b1dc7369cc","07980204-e58e-4d8e-8215-2915a41be0d6"]
[2026-01-26T23:26:58.449Z] [DEBUG]: Inside [invoice.class.ts:getOldestUnpaidInvoice] invoiceIds=["fae1c83f-bb9d-42a8-828c-b7b1dc7369cc","07980204-e58e-4d8e-8215-2915a41be0d6"]
[2026-01-26T23:26:58.536Z] [DEBUG]: Complete [ClassHandler.ts:getClassDetails] 
[2026-01-26T23:28:04.295Z] [DEBUG]: Inside [CronScheduler.ts:startAllJobs] 
[2026-01-26T23:28:14.296Z] [DEBUG]: Inside [CronScheduler.ts:startAllJobs] 
[2026-01-26T23:29:15.388Z] [DEBUG]: Inside [UsersService.ts:getUserById] userId="b3f6be6b-6320-4d3f-bbd7-ab26ec44eca9"
[2026-01-26T23:29:15.469Z] [DEBUG]: Inside [UsersService.ts:getUser] username="admin@aquafitvallarta.com"
[2026-01-26T23:29:15.549Z] [DEBUG]: Inside [ClassService.ts:getAllClasses] 
[2026-01-26T23:29:17.973Z] [DEBUG]: Inside [UsersService.ts:getUserById] userId="b3f6be6b-6320-4d3f-bbd7-ab26ec44eca9"
[2026-01-26T23:29:18.049Z] [DEBUG]: Inside [UsersService.ts:getUser] username="admin@aquafitvallarta.com"
[2026-01-26T23:29:18.135Z] [DEBUG]: Inside [UsersService.ts:getAllUsers] role="client"
[2026-01-26T23:29:18.900Z] [DEBUG]: Inside [UsersService.ts:getUserById] userId="b3f6be6b-6320-4d3f-bbd7-ab26ec44eca9"
[2026-01-26T23:29:18.978Z] [DEBUG]: Inside [UsersService.ts:getUser] username="admin@aquafitvallarta.com"
[2026-01-26T23:29:19.058Z] [DEBUG]: Inside [ClientHandler.ts:getClientEnrollmentDetails] userId="6734187ccfccd4175a69faaf"
[2026-01-26T23:29:19.059Z] [DEBUG]: Inside [EnrollmentService.ts:getClientEnrollments] userId="6734187ccfccd4175a69faaf"
[2026-01-26T23:29:19.141Z] [DEBUG]: Inside [UsersService.ts:getUserById] userId="6734187ccfccd4175a69faaf"
[2026-01-26T23:29:19.224Z] [DEBUG]: Inside [ClassService.ts:getClass] classId="7b0e98a3-f56d-44fc-bda4-30ca49b899d2"
[2026-01-26T23:29:19.302Z] [DEBUG]: Inside [ClassService.ts:getClass] classId="cbd39986-6653-45c1-92f3-9dd2c62b32b3"
[2026-01-26T23:29:19.378Z] [DEBUG]: Complete [ClientHandler.ts:getClientEnrollmentDetails] 
[2026-01-26T23:29:20.864Z] [DEBUG]: Inside [UsersService.ts:getUserById] userId="b3f6be6b-6320-4d3f-bbd7-ab26ec44eca9"
[2026-01-26T23:29:20.945Z] [DEBUG]: Inside [UsersService.ts:getUser] username="admin@aquafitvallarta.com"
[2026-01-26T23:29:21.040Z] [DEBUG]: Inside [ClientHandler.ts:getInvoiceHistory] userId="6734187ccfccd4175a69faaf", enrollmentId="00f39f22-5229-4e8d-a773-099a5e56269d"
[2026-01-26T23:29:21.043Z] [DEBUG]: Inside [InvoiceService.ts:getClientEnrollmentHistory] userId="6734187ccfccd4175a69faaf", enrollmentId="00f39f22-5229-4e8d-a773-099a5e56269d"
[2026-01-26T23:29:21.153Z] [DEBUG]: Inside [UsersService.ts:getUserFirstAndLastName] userId="6734187ccfccd4175a69faaf"
[2026-01-26T23:29:21.236Z] [DEBUG]: Inside [EnrollmentService.ts:getEnrollment] enrollmentId="00f39f22-5229-4e8d-a773-099a5e56269d"
[2026-01-26T23:29:21.320Z] [DEBUG]: Inside [ClassService.ts:getClass] classId="7b0e98a3-f56d-44fc-bda4-30ca49b899d2"
[2026-01-26T23:29:21.396Z] [DEBUG]: Complete [ClientHandler.ts:getInvoiceHistory] 
[2026-01-26T23:30:32.692Z] [DEBUG]: Inside [CronScheduler.ts:startAllJobs] 
[2026-01-26T23:30:49.191Z] [DEBUG]: Inside [CronScheduler.ts:startAllJobs] 
[2026-01-26T23:31:37.695Z] [DEBUG]: Inside [CronScheduler.ts:startAllJobs] 
[2026-01-26T23:32:56.124Z] [DEBUG]: Inside [CronScheduler.ts:startAllJobs] 
[2026-01-26T23:32:56.126Z] [DEBUG]: Inside [:[STARTUP] Running updateInvoiceStatuses on startup...] 
[2026-01-26T23:32:56.126Z] [DEBUG]: Inside [invoice.class.ts:updatePaymentStatuses] 
[2026-01-26T23:32:57.757Z] [DEBUG]: Inside [invoice.class.ts:updatePaymentStatuses] foundInvoices=7, today="2026-01-26T08:00:00.000Z", fourDaysFromNow="2026-01-30T08:00:00.000Z"
[2026-01-26T23:32:57.758Z] [DEBUG]: Inside [invoice.class.ts:updatePaymentStatuses] invoiceId="f44a0973-660b-4ea0-8ec1-5b740a54705e", currentStatus="pending", newStatus="overdue", endDate="2025-07-05T07:00:00.000Z"
[2026-01-26T23:32:57.759Z] [DEBUG]: Inside [invoice.class.ts:updatePaymentStatuses] invoiceId="956cb038-ba05-48bb-bbb5-4fe199b38a4d", currentStatus="pending", newStatus="overdue", endDate="2025-07-07T07:00:00.000Z"
[2026-01-26T23:32:57.759Z] [DEBUG]: Inside [invoice.class.ts:updatePaymentStatuses] invoiceId="ad3f8833-b05e-46bd-93b3-fc7b9d00a658", currentStatus="pending", newStatus="overdue", endDate="2025-07-19T07:00:00.000Z"
[2026-01-26T23:32:57.759Z] [DEBUG]: Inside [invoice.class.ts:updatePaymentStatuses] invoiceId="fa4750ed-ef4b-4bc6-80b0-fb7e83c96eae", currentStatus="pending", newStatus="overdue", endDate="2025-07-22T07:00:00.000Z"
[2026-01-26T23:32:57.760Z] [DEBUG]: Inside [invoice.class.ts:updatePaymentStatuses] invoiceId="07980204-e58e-4d8e-8215-2915a41be0d6", currentStatus="pending", newStatus="overdue", endDate="2025-07-19T07:00:00.000Z"
[2026-01-26T23:32:57.760Z] [DEBUG]: Inside [invoice.class.ts:updatePaymentStatuses] invoiceId="1d775eb1-d9b7-4585-b355-b84e4bc84acc", currentStatus="pending", newStatus="overdue", endDate="2025-07-29T07:00:00.000Z"
[2026-01-26T23:32:57.760Z] [DEBUG]: Inside [invoice.class.ts:updatePaymentStatuses] invoiceId="6d41baff-f3ad-4b8f-86ea-31b6ef5c8af5", currentStatus="pending", newStatus="overdue", endDate="2025-08-07T07:00:00.000Z"
[2026-01-26T23:32:58.115Z] [DEBUG]: Inside [invoice.class.ts:updatePaymentStatuses] updatedCount=7
[2026-01-26T23:32:58.116Z] [DEBUG]: Complete [invoice.class.ts:updatePaymentStatuses] 
[2026-01-26T23:32:58.116Z] [DEBUG]: Inside [:[STARTUP] Completed updateInvoiceStatuses] 
[2026-01-26T23:53:33.103Z] [DEBUG]: Inside [UsersService.ts:getUserById] userId="b3f6be6b-6320-4d3f-bbd7-ab26ec44eca9"
[2026-01-26T23:53:33.194Z] [DEBUG]: Inside [UsersService.ts:getUser] username="admin@aquafitvallarta.com"
[2026-01-26T23:53:33.277Z] [DEBUG]: Inside [DiscountService.ts:getAllDiscounts] 
[2026-01-26T23:53:34.578Z] [DEBUG]: Inside [UsersService.ts:getUserById] userId="b3f6be6b-6320-4d3f-bbd7-ab26ec44eca9"
[2026-01-26T23:53:34.656Z] [DEBUG]: Inside [UsersService.ts:getUser] username="admin@aquafitvallarta.com"
[2026-01-26T23:53:34.734Z] [DEBUG]: Inside [DiscountService.ts:getDiscount] discountId="68619fa9232b8b19b1250d06"
[2026-01-26T23:53:44.311Z] [DEBUG]: Inside [UsersService.ts:getUserById] userId="b3f6be6b-6320-4d3f-bbd7-ab26ec44eca9"
[2026-01-26T23:53:44.392Z] [DEBUG]: Inside [UsersService.ts:getUser] username="admin@aquafitvallarta.com"
[2026-01-26T23:53:44.470Z] [DEBUG]: Inside [DiscountService.ts:getAllDiscounts] 
[2026-01-26T23:54:07.436Z] [DEBUG]: Inside [UsersService.ts:getUserById] userId="b3f6be6b-6320-4d3f-bbd7-ab26ec44eca9"
[2026-01-26T23:54:07.514Z] [DEBUG]: Inside [UsersService.ts:getUser] username="admin@aquafitvallarta.com"
[2026-01-26T23:54:07.591Z] [DEBUG]: Inside [DiscountService.ts:getAllDiscounts] 
[2026-01-26T23:55:20.707Z] [DEBUG]: Inside [UsersService.ts:getUserById] userId="b3f6be6b-6320-4d3f-bbd7-ab26ec44eca9"
[2026-01-26T23:55:20.791Z] [DEBUG]: Inside [UsersService.ts:getUser] username="admin@aquafitvallarta.com"
[2026-01-26T23:55:20.869Z] [DEBUG]: Inside [DiscountService.ts:getAllDiscounts] 
