[2026-01-27T00:03:21.614Z] [DEBUG]: Inside [UsersService.ts:getUserById] userId="b3f6be6b-6320-4d3f-bbd7-ab26ec44eca9"
[2026-01-27T00:03:21.692Z] [DEBUG]: Inside [UsersService.ts:getUser] username="admin@aquafitvallarta.com"
[2026-01-27T00:03:21.769Z] [DEBUG]: Inside [ClassService.ts:getAllClasses] 
[2026-01-27T00:03:25.769Z] [DEBUG]: Inside [UsersService.ts:getUserById] userId="b3f6be6b-6320-4d3f-bbd7-ab26ec44eca9"
[2026-01-27T00:03:25.850Z] [DEBUG]: Inside [UsersService.ts:getUser] username="admin@aquafitvallarta.com"
[2026-01-27T00:03:25.932Z] [DEBUG]: Inside [ClassService.ts:getAllLocations] 
[2026-01-27T00:03:33.402Z] [DEBUG]: Inside [UsersService.ts:getUserById] userId="b3f6be6b-6320-4d3f-bbd7-ab26ec44eca9"
[2026-01-27T00:03:33.486Z] [DEBUG]: Inside [UsersService.ts:getUser] username="admin@aquafitvallarta.com"
[2026-01-27T00:03:33.569Z] [DEBUG]: Inside [ClassService.ts:getAllClasses] 
[2026-01-27T00:03:34.199Z] [DEBUG]: Inside [UsersService.ts:getUserById] userId="b3f6be6b-6320-4d3f-bbd7-ab26ec44eca9"
[2026-01-27T00:03:34.277Z] [DEBUG]: Inside [UsersService.ts:getUser] username="admin@aquafitvallarta.com"
[2026-01-27T00:03:34.355Z] [DEBUG]: Inside [UsersService.ts:getAllUsers] role="client"
[2026-01-27T00:03:36.067Z] [DEBUG]: Inside [UsersService.ts:getUserById] userId="b3f6be6b-6320-4d3f-bbd7-ab26ec44eca9"
[2026-01-27T00:03:36.145Z] [DEBUG]: Inside [UsersService.ts:getUser] username="admin@aquafitvallarta.com"
[2026-01-27T00:03:36.229Z] [DEBUG]: Inside [ClientHandler.ts:getClientEnrollmentDetails] userId="6734187ccfccd4175a69faaf"
[2026-01-27T00:03:36.229Z] [DEBUG]: Inside [EnrollmentService.ts:getClientEnrollments] userId="6734187ccfccd4175a69faaf"
[2026-01-27T00:03:36.308Z] [DEBUG]: Inside [UsersService.ts:getUserById] userId="6734187ccfccd4175a69faaf"
[2026-01-27T00:03:36.387Z] [DEBUG]: Inside [ClassService.ts:getClass] classId="7b0e98a3-f56d-44fc-bda4-30ca49b899d2"
[2026-01-27T00:03:36.472Z] [DEBUG]: Inside [ClassService.ts:getClass] classId="cbd39986-6653-45c1-92f3-9dd2c62b32b3"
[2026-01-27T00:03:36.547Z] [DEBUG]: Complete [ClientHandler.ts:getClientEnrollmentDetails] 
[2026-01-27T00:03:38.978Z] [DEBUG]: Inside [UsersService.ts:getUserById] userId="b3f6be6b-6320-4d3f-bbd7-ab26ec44eca9"
[2026-01-27T00:03:39.055Z] [DEBUG]: Inside [UsersService.ts:getUser] username="admin@aquafitvallarta.com"
[2026-01-27T00:03:39.131Z] [DEBUG]: Inside [UsersService.ts:getUserById] userId="6734187ccfccd4175a69faaf"
[2026-01-27T00:03:51.382Z] [DEBUG]: Inside [UsersService.ts:getUserById] userId="b3f6be6b-6320-4d3f-bbd7-ab26ec44eca9"
[2026-01-27T00:03:51.460Z] [DEBUG]: Inside [UsersService.ts:getUser] username="admin@aquafitvallarta.com"
[2026-01-27T00:03:51.536Z] [DEBUG]: Inside [ClientHandler.ts:getClientEnrollmentDetails] userId="6734187ccfccd4175a69faaf"
[2026-01-27T00:03:51.536Z] [DEBUG]: Inside [EnrollmentService.ts:getClientEnrollments] userId="6734187ccfccd4175a69faaf"
[2026-01-27T00:03:51.612Z] [DEBUG]: Inside [UsersService.ts:getUserById] userId="6734187ccfccd4175a69faaf"
[2026-01-27T00:03:51.688Z] [DEBUG]: Inside [ClassService.ts:getClass] classId="7b0e98a3-f56d-44fc-bda4-30ca49b899d2"
[2026-01-27T00:03:51.766Z] [DEBUG]: Inside [ClassService.ts:getClass] classId="cbd39986-6653-45c1-92f3-9dd2c62b32b3"
[2026-01-27T00:03:51.850Z] [DEBUG]: Complete [ClientHandler.ts:getClientEnrollmentDetails] 
[2026-01-27T00:03:52.981Z] [DEBUG]: Inside [UsersService.ts:getUserById] userId="b3f6be6b-6320-4d3f-bbd7-ab26ec44eca9"
[2026-01-27T00:03:53.057Z] [DEBUG]: Inside [UsersService.ts:getUser] username="admin@aquafitvallarta.com"
[2026-01-27T00:03:53.136Z] [DEBUG]: Inside [UsersService.ts:getAllUsers] role="client"
